// Jest Snapshot v1, https://goo.gl/fbAQLP

exports[`FormGroup >>> Snapshot 1`] = `
<div
  className="form-group"
>
  <input
    className="form-control "
    placeholder="#хэш-тег"
    type="text"
  />
</div>
`;
